
> nucampus360-frontend@1.0.0 test
> vitest run --coverage


[7m[1m[36m RUN [39m[22m[27m [36mv1.6.1[39m [90mc:/Users/snigd/Downloads/nucampus360/nucampus360-full/frontend[39m
[2m      Coverage enabled with [22m[33mv8[39m

 [33m❯[39m src/__tests__/TourPanel.test.jsx [2m ([22m[2m0 test[22m[2m)[22m
 [33m❯[39m src/__tests__/PhotoModal.test.jsx [2m ([22m[2m0 test[22m[2m)[22m
 [33m❯[39m src/__tests__/App.test.jsx [2m ([22m[2m0 test[22m[2m)[22m
 [33m❯[39m src/__tests__/Nav.test.jsx [2m ([22m[2m0 test[22m[2m)[22m
 [33m❯[39m src/__tests__/MapPanel.test.jsx [2m ([22m[2m0 test[22m[2m)[22m
 [33m❯[39m src/__tests__/ChatPanel.test.jsx [2m ([22m[2m0 test[22m[2m)[22m

[31m⎯⎯⎯⎯⎯⎯[1m[7m Failed Suites 6 [27m[22m⎯⎯⎯⎯⎯⎯⎯[39m

[31m[1m[7m FAIL [27m[22m[39m src/__tests__/App.test.jsx [2m[ src/__tests__/App.test.jsx ][22m
[31m[1mError[22m: Failed to resolve import "../../App" from "src/__tests__/App.test.jsx". Does the file exist?[39m
[90m [2m❯[22m TransformPluginContext._formatError node_modules/vite/dist/node/chunks/dep-BK3b2jBa.js:[2m49258:41[22m[39m
[90m [2m❯[22m TransformPluginContext.error node_modules/vite/dist/node/chunks/dep-BK3b2jBa.js:[2m49253:16[22m[39m
[90m [2m❯[22m normalizeUrl node_modules/vite/dist/node/chunks/dep-BK3b2jBa.js:[2m64307:23[22m[39m
[90m [2m❯[22m async file:/c:/Users/snigd/Downloads/nucampus360/nucampus360-full/frontend/node_modules/vite/dist/node/chunks/dep-BK3b2jBa.js:[2m64439:39[22m[39m
[90m [2m❯[22m TransformPluginContext.transform node_modules/vite/dist/node/chunks/dep-BK3b2jBa.js:[2m64366:7[22m[39m
[90m [2m❯[22m PluginContainer.transform node_modules/vite/dist/node/chunks/dep-BK3b2jBa.js:[2m49099:18[22m[39m
[90m [2m❯[22m loadAndTransform node_modules/vite/dist/node/chunks/dep-BK3b2jBa.js:[2m51978:27[22m[39m

[31m[2m⎯⎯⎯⎯⎯⎯⎯⎯⎯⎯⎯⎯⎯⎯⎯⎯⎯⎯⎯⎯⎯⎯⎯⎯[1/6]⎯[22m[39m

[31m[1m[7m FAIL [27m[22m[39m src/__tests__/ChatPanel.test.jsx [2m[ src/__tests__/ChatPanel.test.jsx ][22m
[31m[1mError[22m: Failed to resolve import "../../components/ChatPanel" from "src/__tests__/ChatPanel.test.jsx". Does the file exist?[39m
[90m [2m❯[22m TransformPluginContext._formatError node_modules/vite/dist/node/chunks/dep-BK3b2jBa.js:[2m49258:41[22m[39m
[90m [2m❯[22m TransformPluginContext.error node_modules/vite/dist/node/chunks/dep-BK3b2jBa.js:[2m49253:16[22m[39m
[90m [2m❯[22m normalizeUrl node_modules/vite/dist/node/chunks/dep-BK3b2jBa.js:[2m64307:23[22m[39m
[90m [2m❯[22m async file:/c:/Users/snigd/Downloads/nucampus360/nucampus360-full/frontend/node_modules/vite/dist/node/chunks/dep-BK3b2jBa.js:[2m64439:39[22m[39m
[90m [2m❯[22m TransformPluginContext.transform node_modules/vite/dist/node/chunks/dep-BK3b2jBa.js:[2m64366:7[22m[39m
[90m [2m❯[22m PluginContainer.transform node_modules/vite/dist/node/chunks/dep-BK3b2jBa.js:[2m49099:18[22m[39m
[90m [2m❯[22m loadAndTransform node_modules/vite/dist/node/chunks/dep-BK3b2jBa.js:[2m51978:27[22m[39m

[31m[2m⎯⎯⎯⎯⎯⎯⎯⎯⎯⎯⎯⎯⎯⎯⎯⎯⎯⎯⎯⎯⎯⎯⎯⎯[2/6]⎯[22m[39m

[31m[1m[7m FAIL [27m[22m[39m src/__tests__/MapPanel.test.jsx [2m[ src/__tests__/MapPanel.test.jsx ][22m
[31m[1mError[22m: Failed to resolve import "../../components/MapPanel" from "src/__tests__/MapPanel.test.jsx". Does the file exist?[39m
[90m [2m❯[22m TransformPluginContext._formatError node_modules/vite/dist/node/chunks/dep-BK3b2jBa.js:[2m49258:41[22m[39m
[90m [2m❯[22m TransformPluginContext.error node_modules/vite/dist/node/chunks/dep-BK3b2jBa.js:[2m49253:16[22m[39m
[90m [2m❯[22m normalizeUrl node_modules/vite/dist/node/chunks/dep-BK3b2jBa.js:[2m64307:23[22m[39m
[90m [2m❯[22m async file:/c:/Users/snigd/Downloads/nucampus360/nucampus360-full/frontend/node_modules/vite/dist/node/chunks/dep-BK3b2jBa.js:[2m64439:39[22m[39m
[90m [2m❯[22m TransformPluginContext.transform node_modules/vite/dist/node/chunks/dep-BK3b2jBa.js:[2m64366:7[22m[39m
[90m [2m❯[22m PluginContainer.transform node_modules/vite/dist/node/chunks/dep-BK3b2jBa.js:[2m49099:18[22m[39m
[90m [2m❯[22m loadAndTransform node_modules/vite/dist/node/chunks/dep-BK3b2jBa.js:[2m51978:27[22m[39m

[31m[2m⎯⎯⎯⎯⎯⎯⎯⎯⎯⎯⎯⎯⎯⎯⎯⎯⎯⎯⎯⎯⎯⎯⎯⎯[3/6]⎯[22m[39m

[31m[1m[7m FAIL [27m[22m[39m src/__tests__/Nav.test.jsx [2m[ src/__tests__/Nav.test.jsx ][22m
[31m[1mError[22m: Failed to resolve import "../../components/Nav" from "src/__tests__/Nav.test.jsx". Does the file exist?[39m
[90m [2m❯[22m TransformPluginContext._formatError node_modules/vite/dist/node/chunks/dep-BK3b2jBa.js:[2m49258:41[22m[39m
[90m [2m❯[22m TransformPluginContext.error node_modules/vite/dist/node/chunks/dep-BK3b2jBa.js:[2m49253:16[22m[39m
[90m [2m❯[22m normalizeUrl node_modules/vite/dist/node/chunks/dep-BK3b2jBa.js:[2m64307:23[22m[39m
[90m [2m❯[22m async file:/c:/Users/snigd/Downloads/nucampus360/nucampus360-full/frontend/node_modules/vite/dist/node/chunks/dep-BK3b2jBa.js:[2m64439:39[22m[39m
[90m [2m❯[22m TransformPluginContext.transform node_modules/vite/dist/node/chunks/dep-BK3b2jBa.js:[2m64366:7[22m[39m
[90m [2m❯[22m PluginContainer.transform node_modules/vite/dist/node/chunks/dep-BK3b2jBa.js:[2m49099:18[22m[39m
[90m [2m❯[22m loadAndTransform node_modules/vite/dist/node/chunks/dep-BK3b2jBa.js:[2m51978:27[22m[39m

[31m[2m⎯⎯⎯⎯⎯⎯⎯⎯⎯⎯⎯⎯⎯⎯⎯⎯⎯⎯⎯⎯⎯⎯⎯⎯[4/6]⎯[22m[39m

[31m[1m[7m FAIL [27m[22m[39m src/__tests__/PhotoModal.test.jsx [2m[ src/__tests__/PhotoModal.test.jsx ][22m
[31m[1mError[22m: Failed to resolve import "../../components/PhotoModal" from "src/__tests__/PhotoModal.test.jsx". Does the file exist?[39m
[90m [2m❯[22m TransformPluginContext._formatError node_modules/vite/dist/node/chunks/dep-BK3b2jBa.js:[2m49258:41[22m[39m
[90m [2m❯[22m TransformPluginContext.error node_modules/vite/dist/node/chunks/dep-BK3b2jBa.js:[2m49253:16[22m[39m
[90m [2m❯[22m normalizeUrl node_modules/vite/dist/node/chunks/dep-BK3b2jBa.js:[2m64307:23[22m[39m
[90m [2m❯[22m async file:/c:/Users/snigd/Downloads/nucampus360/nucampus360-full/frontend/node_modules/vite/dist/node/chunks/dep-BK3b2jBa.js:[2m64439:39[22m[39m
[90m [2m❯[22m TransformPluginContext.transform node_modules/vite/dist/node/chunks/dep-BK3b2jBa.js:[2m64366:7[22m[39m
[90m [2m❯[22m PluginContainer.transform node_modules/vite/dist/node/chunks/dep-BK3b2jBa.js:[2m49099:18[22m[39m
[90m [2m❯[22m loadAndTransform node_modules/vite/dist/node/chunks/dep-BK3b2jBa.js:[2m51978:27[22m[39m

[31m[2m⎯⎯⎯⎯⎯⎯⎯⎯⎯⎯⎯⎯⎯⎯⎯⎯⎯⎯⎯⎯⎯⎯⎯⎯[5/6]⎯[22m[39m

[31m[1m[7m FAIL [27m[22m[39m src/__tests__/TourPanel.test.jsx [2m[ src/__tests__/TourPanel.test.jsx ][22m
[31m[1mError[22m: Failed to resolve import "../../components/TourPanel" from "src/__tests__/TourPanel.test.jsx". Does the file exist?[39m
[90m [2m❯[22m TransformPluginContext._formatError node_modules/vite/dist/node/chunks/dep-BK3b2jBa.js:[2m49258:41[22m[39m
[90m [2m❯[22m TransformPluginContext.error node_modules/vite/dist/node/chunks/dep-BK3b2jBa.js:[2m49253:16[22m[39m
[90m [2m❯[22m normalizeUrl node_modules/vite/dist/node/chunks/dep-BK3b2jBa.js:[2m64307:23[22m[39m
[90m [2m❯[22m async file:/c:/Users/snigd/Downloads/nucampus360/nucampus360-full/frontend/node_modules/vite/dist/node/chunks/dep-BK3b2jBa.js:[2m64439:39[22m[39m
[90m [2m❯[22m TransformPluginContext.transform node_modules/vite/dist/node/chunks/dep-BK3b2jBa.js:[2m64366:7[22m[39m
[90m [2m❯[22m PluginContainer.transform node_modules/vite/dist/node/chunks/dep-BK3b2jBa.js:[2m49099:18[22m[39m
[90m [2m❯[22m loadAndTransform node_modules/vite/dist/node/chunks/dep-BK3b2jBa.js:[2m51978:27[22m[39m

[31m[2m⎯⎯⎯⎯⎯⎯⎯⎯⎯⎯⎯⎯⎯⎯⎯⎯⎯⎯⎯⎯⎯⎯⎯⎯[6/6]⎯[22m[39m

[2m Test Files [22m [1m[31m6 failed[39m[22m[90m (6)[39m
[2m      Tests [22m [2mno tests[22m
[2m   Start at [22m 10:45:35
[2m   Duration [22m 3.58s[2m (transform 62ms, setup 3.33s, collect 0ms, tests 0ms, environment 10.69s, prepare 2.40s)[22m

